missing -[NSResponder performTextFinderAction:]
missing -[NSResponder newWindowForTab:]
missing -[NSView safeAreaInsets]
missing -[NSView additionalSafeAreaInsets]
missing -[NSView setAdditionalSafeAreaInsets:]
missing -[NSView reflectScrolledClipView:]
missing -[NSView scrollClipView:toPoint:]
missing -[NSView rulerView:shouldMoveMarker:]
missing -[NSView rulerView:willMoveMarker:toLocation:]
missing -[NSView rulerView:didMoveMarker:]
missing -[NSView rulerView:shouldRemoveMarker:]
missing -[NSView rulerView:didRemoveMarker:]
missing -[NSView rulerView:shouldAddMarker:]
missing -[NSView rulerView:willAddMarker:atLocation:]
missing -[NSView rulerView:didAddMarker:]
missing -[NSView rulerView:handleMouseDown:]
missing -[NSView rulerView:willSetClientView:]
missing -[NSView rulerView:locationForPoint:]
missing -[NSView rulerView:pointForLocation:]
missing -[NSWindow setTitlebarAccessoryViewControllers:]
1218 messages checked, 20 the runtime does not have
